// Jest Snapshot v1, https://goo.gl/fbAQLP

exports[`should render BlogListItem correctly 1`] = `
<div>
  <Link
    replace={false}
    to="edit/1"
  >
    Title One
     - 
    This is first one!
     - 
    Dec 31st 69
  </Link>
</div>
`;
